This file contains any messages produced by compilers while
running configure, to aid debugging if configure makes a mistake.

It was created by Verilator configure 5.041 devel, which was
generated by GNU Autoconf 2.71.  Invocation command line was

  $ ./configure

## --------- ##
## Platform. ##
## --------- ##

hostname = gandalf.csail.mit.edu
uname -m = x86_64
uname -r = 5.15.0-139-generic
uname -s = Linux
uname -v = #149-Ubuntu SMP Fri Apr 11 22:06:13 UTC 2025

/usr/bin/uname -p = x86_64
/bin/uname -X     = unknown

/bin/arch              = x86_64
/usr/bin/arch -k       = unknown
/usr/convex/getsysinfo = unknown
/usr/bin/hostinfo      = unknown
/bin/machine           = unknown
/usr/bin/oslevel       = unknown
/bin/universe          = unknown

PATH: /home/vincent/formal/chipyard-private/software/firemarshal/
PATH: /home/vincent/formal/chipyard-private/.conda-env/riscv-tools/bin/
PATH: /home/vincent/.local/bin/
PATH: /home/vincent/bin/
PATH: /home/vincent/.local/bin/
PATH: /home/vincent/bin/
PATH: /home/vincent/.cargo/bin/
PATH: /home/vincent/formal/chipyard-private/.conda-env/bin/
PATH: /usr/condabin/
PATH: /usr/local/csail/bin/
PATH: /usr/local/sbin/
PATH: /usr/local/bin/
PATH: /usr/sbin/
PATH: /usr/bin/
PATH: /sbin/
PATH: /bin/
PATH: /usr/games/
PATH: /usr/local/games/
PATH: ./
PATH: /home/vincent/gurobi/gurobi1201/linux64/bin/
PATH: /opt/riscv/bin/
PATH: /snap/bin/
PATH: /opt/puppetlabs/bin/
PATH: /home/vincent/gurobi/gurobi1201/linux64/bin/
PATH: /opt/riscv/bin/


## ----------- ##
## Core tests. ##
## ----------- ##

configure:2674: looking for aux files: install-sh
configure:2687:  trying ./
configure:2698:   ./install-sh found
configure:2834: result: configuring for Verilator 5.041 devel
configure:2872: checking whether to perform partial static linking of Verilator binary
configure:2886: result: yes
configure:2890: checking whether to use AddressSanitizer
configure:2904: result: no
configure:2908: checking whether to use tcmalloc
configure:2927: result: check
configure:2932: checking whether to build for gcov code coverage collection
configure:2947: result: no
configure:2951: checking whether to use hardcoded paths
configure:2966: result: yes
configure:2970: checking whether to show and stop on compilation warnings
configure:2989: result: no
configure:2993: checking whether to run long tests
configure:3012: result: no
configure:3017: checking for z3
configure:3038: found /home/vincent/.local/bin/z3
configure:3049: result: yes
configure:3059: checking for cvc5
configure:3094: result: no
configure:3101: checking for cvc4
configure:3136: result: no
configure:3143: checking for SMT solver
configure:3163: result: z3 --in
configure:3169: result: compiler CXX inbound is set to... 
configure:3241: checking for gcc
configure:3262: found /home/vincent/formal/chipyard-private/.conda-env/bin/gcc
configure:3273: result: gcc
configure:3626: checking for C compiler version
configure:3635: gcc --version >&5
gcc (conda-forge gcc 13.2.0-13) 13.2.0
Copyright (C) 2023 Free Software Foundation, Inc.
This is free software; see the source for copying conditions.  There is NO
warranty; not even for MERCHANTABILITY or FITNESS FOR A PARTICULAR PURPOSE.

configure:3646: $? = 0
configure:3635: gcc -v >&5
Reading specs from /home/vincent/formal/chipyard-private/.conda-env/bin/../lib/gcc/x86_64-conda-linux-gnu/13.2.0/specs
Reading specs from /home/vincent/formal/chipyard-private/.conda-env/bin/../lib/gcc/x86_64-conda-linux-gnu/13.2.0/conda.specs
COLLECT_GCC=gcc
COLLECT_LTO_WRAPPER=/home/vincent/formal/chipyard-private/.conda-env/bin/../libexec/gcc/x86_64-conda-linux-gnu/13.2.0/lto-wrapper
Target: x86_64-conda-linux-gnu
Configured with: ../configure --prefix=/home/conda/feedstock_root/build_artifacts/gcc_compilers_1719176880480/_h_env_placehold_placehold_placehold_placehold_placehold_placehold_placehold_placehold_placehold_placehold_placehold_placehold_placehold_placehold_placehold_placehold_placehold_placeho --with-slibdir=/home/conda/feedstock_root/build_artifacts/gcc_compilers_1719176880480/_h_env_placehold_placehold_placehold_placehold_placehold_placehold_placehold_placehold_placehold_placehold_placehold_placehold_placehold_placehold_placehold_placehold_placehold_placeho/lib --libdir=/home/conda/feedstock_root/build_artifacts/gcc_compilers_1719176880480/_h_env_placehold_placehold_placehold_placehold_placehold_placehold_placehold_placehold_placehold_placehold_placehold_placehold_placehold_placehold_placehold_placehold_placehold_placeho/lib --mandir=/home/conda/feedstock_root/build_artifacts/gcc_compilers_1719176880480/_h_env_placehold_placehold_placehold_placehold_placehold_placehold_placehold_placehold_placehold_placehold_placehold_placehold_placehold_placehold_placehold_placehold_placehold_placeho/man --build=x86_64-conda-linux-gnu --host=x86_64-conda-linux-gnu --target=x86_64-conda-linux-gnu --enable-languages=c,c++,fortran,objc,obj-c++ --enable-__cxa_atexit --disable-libmudflap --enable-libgomp --disable-libssp --enable-libquadmath --enable-libquadmath-support --enable-lto --enable-target-optspace --enable-plugin --enable-gold --disable-nls --disable-bootstrap --disable-multilib --enable-long-long --with-sysroot=/home/conda/feedstock_root/build_artifacts/gcc_compilers_1719176880480/_h_env_placehold_placehold_placehold_placehold_placehold_placehold_placehold_placehold_placehold_placehold_placehold_placehold_placehold_placehold_placehold_placehold_placehold_placeho/x86_64-conda-linux-gnu/sysroot --with-build-sysroot=/home/conda/feedstock_root/build_artifacts/gcc_compilers_1719176880480/work/cf-compilers/x86_64-conda-linux-gnu/sysroot --with-native-system-header-dir=/usr/include --with-gxx-include-dir=/home/conda/feedstock_root/build_artifacts/gcc_compilers_1719176880480/_h_env_placehold_placehold_placehold_placehold_placehold_placehold_placehold_placehold_placehold_placehold_placehold_placehold_placehold_placehold_placehold_placehold_placehold_placeho/lib/gcc/x86_64-conda-linux-gnu/13.2.0/include/c++ --with-pkgversion='conda-forge gcc 13.2.0-13' --with-bugurl=https://github.com/conda-forge/ctng-compilers-feedstock/issues/new/choose --enable-libsanitizer --enable-default-pie --enable-threads=posix
Thread model: posix
Supported LTO compression algorithms: zlib
gcc version 13.2.0 (conda-forge gcc 13.2.0-13) 
configure:3646: $? = 0
configure:3635: gcc -V >&5
gcc: error: unrecognized command-line option '-V'
gcc: fatal error: no input files
compilation terminated.
configure:3646: $? = 1
configure:3635: gcc -qversion >&5
gcc: error: unrecognized command-line option '-qversion'; did you mean '--version'?
gcc: fatal error: no input files
compilation terminated.
configure:3646: $? = 1
configure:3635: gcc -version >&5
gcc: error: unrecognized command-line option '-version'
gcc: fatal error: no input files
compilation terminated.
configure:3646: $? = 1
configure:3666: checking whether the C compiler works
configure:3688: gcc       conftest.c  >&5
configure:3692: $? = 0
configure:3742: result: yes
configure:3745: checking for C compiler default output file name
configure:3747: result: a.out
configure:3753: checking for suffix of executables
configure:3760: gcc -o conftest       conftest.c  >&5
configure:3764: $? = 0
configure:3787: result: 
configure:3809: checking whether we are cross compiling
configure:3817: gcc -o conftest       conftest.c  >&5
configure:3821: $? = 0
configure:3828: ./conftest
configure:3832: $? = 0
configure:3847: result: no
configure:3852: checking for suffix of object files
configure:3875: gcc -c     conftest.c >&5
configure:3879: $? = 0
configure:3901: result: o
configure:3905: checking whether the compiler supports GNU C
configure:3925: gcc -c     conftest.c >&5
configure:3925: $? = 0
configure:3935: result: yes
configure:3946: checking whether gcc accepts -g
configure:3967: gcc -c -g   conftest.c >&5
configure:3967: $? = 0
configure:4011: result: yes
configure:4031: checking for gcc option to enable C11 features
configure:4046: gcc  -c     conftest.c >&5
configure:4046: $? = 0
configure:4064: result: none needed
configure:4243: checking for g++
configure:4264: found /home/vincent/formal/chipyard-private/.conda-env/bin/g++
configure:4275: result: g++
configure:4302: checking for C++ compiler version
configure:4311: g++ --version >&5
g++ (conda-forge gcc 13.2.0-13) 13.2.0
Copyright (C) 2023 Free Software Foundation, Inc.
This is free software; see the source for copying conditions.  There is NO
warranty; not even for MERCHANTABILITY or FITNESS FOR A PARTICULAR PURPOSE.

configure:4322: $? = 0
configure:4311: g++ -v >&5
Reading specs from /home/vincent/formal/chipyard-private/.conda-env/bin/../lib/gcc/x86_64-conda-linux-gnu/13.2.0/specs
Reading specs from /home/vincent/formal/chipyard-private/.conda-env/bin/../lib/gcc/x86_64-conda-linux-gnu/13.2.0/conda.specs
COLLECT_GCC=g++
COLLECT_LTO_WRAPPER=/home/vincent/formal/chipyard-private/.conda-env/bin/../libexec/gcc/x86_64-conda-linux-gnu/13.2.0/lto-wrapper
Target: x86_64-conda-linux-gnu
Configured with: ../configure --prefix=/home/conda/feedstock_root/build_artifacts/gcc_compilers_1719176880480/_h_env_placehold_placehold_placehold_placehold_placehold_placehold_placehold_placehold_placehold_placehold_placehold_placehold_placehold_placehold_placehold_placehold_placehold_placeho --with-slibdir=/home/conda/feedstock_root/build_artifacts/gcc_compilers_1719176880480/_h_env_placehold_placehold_placehold_placehold_placehold_placehold_placehold_placehold_placehold_placehold_placehold_placehold_placehold_placehold_placehold_placehold_placehold_placeho/lib --libdir=/home/conda/feedstock_root/build_artifacts/gcc_compilers_1719176880480/_h_env_placehold_placehold_placehold_placehold_placehold_placehold_placehold_placehold_placehold_placehold_placehold_placehold_placehold_placehold_placehold_placehold_placehold_placeho/lib --mandir=/home/conda/feedstock_root/build_artifacts/gcc_compilers_1719176880480/_h_env_placehold_placehold_placehold_placehold_placehold_placehold_placehold_placehold_placehold_placehold_placehold_placehold_placehold_placehold_placehold_placehold_placehold_placeho/man --build=x86_64-conda-linux-gnu --host=x86_64-conda-linux-gnu --target=x86_64-conda-linux-gnu --enable-languages=c,c++,fortran,objc,obj-c++ --enable-__cxa_atexit --disable-libmudflap --enable-libgomp --disable-libssp --enable-libquadmath --enable-libquadmath-support --enable-lto --enable-target-optspace --enable-plugin --enable-gold --disable-nls --disable-bootstrap --disable-multilib --enable-long-long --with-sysroot=/home/conda/feedstock_root/build_artifacts/gcc_compilers_1719176880480/_h_env_placehold_placehold_placehold_placehold_placehold_placehold_placehold_placehold_placehold_placehold_placehold_placehold_placehold_placehold_placehold_placehold_placehold_placeho/x86_64-conda-linux-gnu/sysroot --with-build-sysroot=/home/conda/feedstock_root/build_artifacts/gcc_compilers_1719176880480/work/cf-compilers/x86_64-conda-linux-gnu/sysroot --with-native-system-header-dir=/usr/include --with-gxx-include-dir=/home/conda/feedstock_root/build_artifacts/gcc_compilers_1719176880480/_h_env_placehold_placehold_placehold_placehold_placehold_placehold_placehold_placehold_placehold_placehold_placehold_placehold_placehold_placehold_placehold_placehold_placehold_placeho/lib/gcc/x86_64-conda-linux-gnu/13.2.0/include/c++ --with-pkgversion='conda-forge gcc 13.2.0-13' --with-bugurl=https://github.com/conda-forge/ctng-compilers-feedstock/issues/new/choose --enable-libsanitizer --enable-default-pie --enable-threads=posix
Thread model: posix
Supported LTO compression algorithms: zlib
gcc version 13.2.0 (conda-forge gcc 13.2.0-13) 
configure:4322: $? = 0
configure:4311: g++ -V >&5
g++: error: unrecognized command-line option '-V'
g++: fatal error: no input files
compilation terminated.
configure:4322: $? = 1
configure:4311: g++ -qversion >&5
g++: error: unrecognized command-line option '-qversion'; did you mean '--version'?
g++: fatal error: no input files
compilation terminated.
configure:4322: $? = 1
configure:4326: checking whether the compiler supports GNU C++
configure:4346: g++ -c     conftest.cpp >&5
configure:4346: $? = 0
configure:4356: result: yes
configure:4367: checking whether g++ accepts -g
configure:4388: g++ -c -g   conftest.cpp >&5
configure:4388: $? = 0
configure:4432: result: yes
configure:4452: checking for g++ option to enable C++11 features
configure:4467: g++  -c     conftest.cpp >&5
conftest.cpp: In function 'int main(int, char**)':
conftest.cpp:177:25: warning: empty parentheses were disambiguated as a function declaration [-Wvexing-parse]
  177 |   cxx11test::delegate d2();
      |                         ^~
conftest.cpp:177:25: note: remove parentheses to default-initialize a variable
  177 |   cxx11test::delegate d2();
      |                         ^~
      |                         --
conftest.cpp:177:25: note: or replace parentheses with braces to value-initialize a variable
configure:4467: $? = 0
configure:4485: result: none needed
configure:4565: checking for a BSD-compatible install
configure:4638: result: /home/vincent/formal/chipyard-private/.conda-env/bin/install -c
configure:4657: result: compiler version... g++ --version = g++ (conda-forge gcc 13.2.0-13) 13.2.0
configure:4661: checking that C++ compiler can compile simple program
configure:4673: g++ -o conftest       conftest.cpp  >&5

## ---------------- ##
## Cache variables. ##
## ---------------- ##

ac_cv_c_compiler_gnu=yes
ac_cv_cxx_compiler_gnu=yes
ac_cv_env_CCC_set=
ac_cv_env_CCC_value=
ac_cv_env_CC_set=
ac_cv_env_CC_value=
ac_cv_env_CFLAGS_set=
ac_cv_env_CFLAGS_value=
ac_cv_env_CPPFLAGS_set=
ac_cv_env_CPPFLAGS_value=
ac_cv_env_CXXFLAGS_set=
ac_cv_env_CXXFLAGS_value=
ac_cv_env_CXX_set=
ac_cv_env_CXX_value=
ac_cv_env_LDFLAGS_set=
ac_cv_env_LDFLAGS_value=
ac_cv_env_LIBS_set=
ac_cv_env_LIBS_value=
ac_cv_env_build_alias_set=
ac_cv_env_build_alias_value=
ac_cv_env_host_alias_set=
ac_cv_env_host_alias_value=
ac_cv_env_target_alias_set=
ac_cv_env_target_alias_value=
ac_cv_objext=o
ac_cv_path_install='/home/vincent/formal/chipyard-private/.conda-env/bin/install -c'
ac_cv_prog_HAVE_Z3=yes
ac_cv_prog_ac_ct_CC=gcc
ac_cv_prog_ac_ct_CXX=g++
ac_cv_prog_cc_c11=
ac_cv_prog_cc_g=yes
ac_cv_prog_cc_stdc=
ac_cv_prog_cxx_11=no
ac_cv_prog_cxx_cxx11=
ac_cv_prog_cxx_g=yes
ac_cv_prog_cxx_stdcxx=

## ----------------- ##
## Output variables. ##
## ----------------- ##

AR=''
CC='gcc'
CFG_CXXFLAGS_COROUTINES=''
CFG_CXXFLAGS_DBG=''
CFG_CXXFLAGS_NO_UNUSED=''
CFG_CXXFLAGS_OPT=''
CFG_CXXFLAGS_PARSER=''
CFG_CXXFLAGS_PCH_I=''
CFG_CXXFLAGS_PROFILE=''
CFG_CXXFLAGS_SRC=''
CFG_CXXFLAGS_STD=''
CFG_CXXFLAGS_STD_NEWEST=''
CFG_CXXFLAGS_WEXTRA=''
CFG_CXX_FLAGS_CMAKE=''
CFG_CXX_VERSION='g++ (conda-forge gcc 13.2.0-13) 13.2.0'
CFG_GCH_IF_CLANG=''
CFG_LDFLAGS_DBG=''
CFG_LDFLAGS_SRC=''
CFG_LDFLAGS_THREADS_CMAKE=''
CFG_LDFLAGS_VERILATED=''
CFG_LDLIBS_THREADS=''
CFG_LIBS=''
CFG_WITH_CCWARN='no'
CFG_WITH_DEFENV='yes'
CFG_WITH_DEV_GCOV='no'
CFG_WITH_LONGTESTS='no'
CFG_WITH_SOLVER='z3 --in'
CFLAGS=' '
CPPFLAGS=' '
CXX='g++'
CXXFLAGS=' '
DEFS=''
ECHO_C=''
ECHO_N='-n'
ECHO_T=''
EXEEXT=''
HAVE_COROUTINES=''
HAVE_CVC4=''
HAVE_CVC5=''
HAVE_DEV_ASAN=''
HAVE_DEV_GCOV=''
HAVE_SYSTEMC=''
HAVE_TCMALLOC=''
HAVE_Z3='yes'
INSTALL_DATA='${INSTALL} -m 644'
INSTALL_PROGRAM='${INSTALL}'
INSTALL_SCRIPT='${INSTALL}'
LDFLAGS=' '
LEX=''
LIBOBJS=''
LIBS=''
LTLIBOBJS=''
OBJCACHE=''
OBJEXT='o'
PACKAGE_BUGREPORT='https://verilator.org'
PACKAGE_NAME='Verilator'
PACKAGE_STRING='Verilator 5.041 devel'
PACKAGE_TARNAME='verilator'
PACKAGE_URL='https://verilator.org'
PACKAGE_VERSION='5.041 devel'
PACKAGE_VERSION_NUMBER='5.041'
PACKAGE_VERSION_STRING_CHAR=''
PATH_SEPARATOR=':'
PERL=''
PYTHON3=''
SHELL='/bin/bash'
VERILATOR_VERSION_INTEGER='5041000'
YACC=''
ac_ct_CC='gcc'
ac_ct_CXX='g++'
bindir='${exec_prefix}/bin'
build_alias=''
datadir='${datarootdir}'
datarootdir='${prefix}/share'
docdir='${datarootdir}/doc/${PACKAGE_TARNAME}'
dvidir='${docdir}'
exec_prefix='NONE'
host_alias=''
htmldir='${docdir}'
includedir='${prefix}/include'
infodir='${datarootdir}/info'
libdir='${exec_prefix}/lib'
libexecdir='${exec_prefix}/libexec'
localedir='${datarootdir}/locale'
localstatedir='${prefix}/var'
mandir='${datarootdir}/man'
oldincludedir='/usr/include'
pdfdir='${docdir}'
pkgconfigdir=''
pkgdatadir=''
prefix='NONE'
program_transform_name='s,x,x,'
psdir='${docdir}'
runstatedir='${localstatedir}/run'
sbindir='${exec_prefix}/sbin'
sharedstatedir='${prefix}/com'
sysconfdir='${prefix}/etc'
target_alias=''

## ----------- ##
## confdefs.h. ##
## ----------- ##

/* confdefs.h */
#define PACKAGE_NAME "Verilator"
#define PACKAGE_TARNAME "verilator"
#define PACKAGE_VERSION "5.041 devel"
#define PACKAGE_STRING "Verilator 5.041 devel"
#define PACKAGE_BUGREPORT "https://verilator.org"
#define PACKAGE_URL "https://verilator.org"
#define PACKAGE_VERSION_NUMBER_STRING "5.041"
#define PACKAGE_VERSION_STRING_CHAR static const char* const PACKAGE_STRING_UNUSED = "Verilator 5.041 devel";

configure: caught signal 2
configure: exit 1
